======================================================================
     BASELINE FORECAST BENCHMARKS (persistence / seasonal / AR)
======================================================================

  Total records: 3906
  Train: 2464 | Val: 730 | Test: 712

  AR(1) coefficients (fit on train only):
    intercept: 0.0600
    phi_1: 0.9984

  AR(7) coefficients (fit on train only):
    intercept: 0.0752
    phi_1: 0.9001
    phi_2: -0.3353
    phi_3: 0.1871
    phi_4: 0.0375
    phi_5: 0.0539
    phi_6: 0.0743
    phi_7: 0.0805

----------------------------------------------------------------------
  RESULTS (feet, original units)
----------------------------------------------------------------------
                      model split   n     RMSE      MAE        R2       NSE
                persistence   val 730 0.017117 0.012205  0.986396  0.986396
                persistence  test 712 0.013524 0.009565  0.991900  0.991900
seasonal_persistence_lag365   val 659 0.262060 0.259683 -2.034192 -2.034192
seasonal_persistence_lag365  test 712 0.205612 0.167570 -0.872434 -0.872434
                      AR(1)   val 730 0.017143 0.012405  0.986355  0.986355
                      AR(1)  test 712 0.013504 0.009777  0.991923  0.991923
                      AR(7)   val 730 0.015333 0.011346  0.989084  0.989084
                      AR(7)  test 712 0.012655 0.009386  0.992907  0.992907

  Saved to: results/baseline_metrics.csv
